// Jest Snapshot v1, https://goo.gl/fbAQLP

exports[`renders the UI as expected 1`] = `
<div
  className="Card"
>
  <h3>
    card-test
  </h3>
  <p>
    card-content
  </p>
  <button
    type="button"
  >
    Delete
  </button>
</div>
`;
